Traceback (most recent call last):
  File "/Users/yuki/Desktop/note-finance/scripts/auto_poster.py", line 2070, in <module>
    sys.exit(main())
             ~~~~^^
  File "/Users/yuki/Desktop/note-finance/scripts/auto_poster.py", line 1510, in main
    with lock:
         ^^^^
  File "/Users/yuki/Desktop/note-finance/.venv/lib/python3.14/site-packages/filelock/_api.py", line 567, in __exit__
    self.release()
    ~~~~~~~~~~~~^^
  File "/Users/yuki/Desktop/note-finance/.venv/lib/python3.14/site-packages/filelock/_api.py", line 538, in release
    self._release()
    ~~~~~~~~~~~~~^^
  File "/Users/yuki/Desktop/note-finance/.venv/lib/python3.14/site-packages/filelock/_unix.py", line 108, in _release
    fcntl.flock(fd, fcntl.LOCK_UN)
    ~~~~~~~~~~~^^^^^^^^^^^^^^^^^^^
OSError: [Errno 9] Bad file descriptor
Traceback (most recent call last):
  File "/Users/yuki/Desktop/note-finance/scripts/auto_poster.py", line 2070, in <module>
    sys.exit(main())
             ~~~~^^
  File "/Users/yuki/Desktop/note-finance/scripts/auto_poster.py", line 1510, in main
    with lock:
         ^^^^
  File "/Users/yuki/Desktop/note-finance/.venv/lib/python3.14/site-packages/filelock/_api.py", line 567, in __exit__
    self.release()
    ~~~~~~~~~~~~^^
  File "/Users/yuki/Desktop/note-finance/.venv/lib/python3.14/site-packages/filelock/_api.py", line 538, in release
    self._release()
    ~~~~~~~~~~~~~^^
  File "/Users/yuki/Desktop/note-finance/.venv/lib/python3.14/site-packages/filelock/_unix.py", line 108, in _release
    fcntl.flock(fd, fcntl.LOCK_UN)
    ~~~~~~~~~~~^^^^^^^^^^^^^^^^^^^
OSError: [Errno 9] Bad file descriptor
/Users/yuki/Desktop/note-finance/.venv/lib/python3.14/site-packages/structlog/stdlib.py:1166: UserWarning: Remove `format_exc_info` from your processor chain if you want pretty exceptions.
  ed = p(logger, meth_name, ed)  # type: ignore[arg-type]
Traceback (most recent call last):
  File "/Users/yuki/Desktop/note-finance/scripts/auto_poster.py", line 2089, in <module>
    sys.exit(main())
             ~~~~^^
  File "/Users/yuki/Desktop/note-finance/scripts/auto_poster.py", line 1521, in main
    with lock:
         ^^^^
  File "/Users/yuki/Desktop/note-finance/.venv/lib/python3.14/site-packages/filelock/_api.py", line 567, in __exit__
    self.release()
    ~~~~~~~~~~~~^^
  File "/Users/yuki/Desktop/note-finance/.venv/lib/python3.14/site-packages/filelock/_api.py", line 538, in release
    self._release()
    ~~~~~~~~~~~~~^^
  File "/Users/yuki/Desktop/note-finance/.venv/lib/python3.14/site-packages/filelock/_unix.py", line 108, in _release
    fcntl.flock(fd, fcntl.LOCK_UN)
    ~~~~~~~~~~~^^^^^^^^^^^^^^^^^^^
OSError: [Errno 9] Bad file descriptor
