
=== Auto Poster Summary ===
mitsuki:
  - posted: 0 slots
  - skipped (already posted): 0 slots
  - failed: 0 slots


=== Auto Poster Summary ===
mitsuki:
  - posted: 0 slots
  - skipped (already posted): 0 slots
  - failed: 0 slots


=== Auto Poster Summary ===
mitsuki:
  - posted: 0 slots
  - skipped (already posted): 0 slots
  - failed: 0 slots


=== Auto Poster Summary ===
mitsuki:
  - posted: 0 slots
  - skipped (already posted): 0 slots
  - failed: 0 slots


=== Auto Poster Summary ===
mitsuki:
  - posted: 0 slots
  - skipped (already posted): 0 slots
  - failed: 0 slots


=== Auto Poster Summary ===
mitsuki:
  - posted: 0 slots
  - skipped (already posted): 0 slots
  - failed: 0 slots


=== Auto Poster Summary ===
mitsuki:
  - posted: 0 slots
  - skipped (already posted): 0 slots
  - failed: 0 slots


=== Auto Poster Summary ===
mitsuki:
  - posted: 0 slots
  - skipped (already posted): 0 slots
  - failed: 0 slots


=== Auto Poster Summary ===
mitsuki:
  - posted: 0 slots
  - skipped (already posted): 0 slots
  - failed: 0 slots


=== Auto Poster Summary ===
mitsuki:
  - posted: 0 slots
  - skipped (already posted): 0 slots
  - failed: 0 slots


=== Auto Poster Summary ===
mitsuki:
  - posted: 0 slots
  - skipped (already posted): 0 slots
  - failed: 0 slots


=== Auto Poster Summary ===
mitsuki:
  - posted: 0 slots
  - skipped (already posted): 0 slots
  - failed: 0 slots


=== Auto Poster Summary ===
mitsuki:
  - posted: 0 slots
  - skipped (already posted): 0 slots
  - failed: 0 slots


=== Auto Poster Summary ===
mitsuki:
  - posted: 0 slots
  - skipped (already posted): 0 slots
  - failed: 0 slots


=== Auto Poster Summary ===
mitsuki:
  - posted: 0 slots
  - skipped (already posted): 0 slots
  - failed: 0 slots


=== Auto Poster Summary ===
mitsuki:
  - posted: 0 slots
  - skipped (already posted): 0 slots
  - failed: 0 slots


=== Auto Poster Summary ===
mitsuki:
  - posted: 0 slots
  - skipped (already posted): 0 slots
  - failed: 0 slots


=== Auto Poster Summary ===
mitsuki:
  - posted: 0 slots
  - skipped (already posted): 0 slots
  - failed: 0 slots


=== Auto Poster Summary ===
mitsuki:
  - posted: 0 slots
  - skipped (already posted): 0 slots
  - failed: 0 slots


=== Auto Poster Summary ===
mitsuki:
  - posted: 0 slots
  - skipped (already posted): 0 slots
  - failed: 0 slots


=== Auto Poster Summary ===
mitsuki:
  - posted: 0 slots
  - skipped (already posted): 0 slots
  - failed: 0 slots


=== Auto Poster Summary ===
mitsuki:
  - posted: 0 slots
  - skipped (already posted): 0 slots
  - failed: 0 slots


=== Auto Poster Summary ===
mitsuki:
  - posted: 0 slots
  - skipped (already posted): 0 slots
  - failed: 0 slots


=== Auto Poster Summary ===
mitsuki:
  - posted: 0 slots
  - skipped (already posted): 0 slots
  - failed: 0 slots


=== Auto Poster Summary ===
mitsuki:
  - posted: 0 slots
  - skipped (already posted): 0 slots
  - failed: 0 slots


=== Auto Poster Summary ===
mitsuki:
  - posted: 0 slots
  - skipped (already posted): 0 slots
  - failed: 0 slots


=== Auto Poster Summary ===
mitsuki:
  - posted: 0 slots
  - skipped (already posted): 0 slots
  - failed: 0 slots


=== Auto Poster Summary ===
mitsuki:
  - posted: 0 slots
  - skipped (already posted): 0 slots
  - failed: 0 slots


=== Auto Poster Summary ===
mitsuki:
  - posted: 0 slots
  - skipped (already posted): 0 slots
  - failed: 0 slots


=== Auto Poster Summary ===
mitsuki:
  - posted: 0 slots
  - skipped (already posted): 0 slots
  - failed: 0 slots

