
==================================================
RSS Monitor complete
  Creators checked: 11
  New articles found: 152
  Articles saved: 126
  Skipped (paid): 25
  Skipped (duplicate): 0
  Errors: 1
==================================================

==================================================
RSS Monitor complete
  Creators checked: 11
  New articles found: 28
  Articles saved: 3
  Skipped (paid): 25
  Skipped (duplicate): 0
  Errors: 0
==================================================

==================================================
RSS Monitor complete
  Creators checked: 11
  New articles found: 28
  Articles saved: 3
  Skipped (paid): 25
  Skipped (duplicate): 0
  Errors: 0
==================================================

==================================================
RSS Monitor complete
  Creators checked: 11
  New articles found: 28
  Articles saved: 4
  Skipped (paid): 24
  Skipped (duplicate): 0
  Errors: 0
==================================================

==================================================
RSS Monitor complete
  Creators checked: 11
  New articles found: 29
  Articles saved: 5
  Skipped (paid): 24
  Skipped (duplicate): 0
  Errors: 0
==================================================

==================================================
RSS Monitor complete
  Creators checked: 11
  New articles found: 28
  Articles saved: 3
  Skipped (paid): 25
  Skipped (duplicate): 0
  Errors: 0
==================================================

==================================================
RSS Monitor complete
  Creators checked: 11
  New articles found: 30
  Articles saved: 5
  Skipped (paid): 25
  Skipped (duplicate): 0
  Errors: 0
==================================================

==================================================
RSS Monitor complete
  Creators checked: 11
  New articles found: 38
  Articles saved: 13
  Skipped (paid): 25
  Skipped (duplicate): 0
  Errors: 0
==================================================

==================================================
RSS Monitor complete
  Creators checked: 11
  New articles found: 29
  Articles saved: 4
  Skipped (paid): 25
  Skipped (duplicate): 0
  Errors: 0
==================================================
