[[32m[1minfo     [0m] [1mpipeline_scraped_to_neo4j starting[0m [[0m[1m[34m__main__[0m][0m [36mdry_run[0m=[35mFalse[0m [36mmodule[0m=[35mpipeline_scraped_to_neo4j[0m [36mscraped_base[0m=[35m/Volumes/personal_folder/scraped[0m [36msources[0m=[35mall[0m
[[32m[1minfo     [0m] [1mStage 2: dedup_scraped starting[0m [[0m[1m[34m__main__[0m][0m [36mdry_run[0m=[35mFalse[0m [36mmodule[0m=[35mpipeline_scraped_to_neo4j[0m
[[32m[1minfo     [0m] [1mStage 2: complete             [0m [[0m[1m[34m__main__[0m][0m [36mmodule[0m=[35mpipeline_scraped_to_neo4j[0m [36moutput[0m=[35m.tmp/deduped-all-20260329180007-3a605fbb.json[0m
[[32m[1minfo     [0m] [1mStage 3: emit_research_queue starting[0m [[0m[1m[34m__main__[0m][0m [36minput[0m=[35m.tmp/deduped-all-20260329180007-3a605fbb.json[0m [36mmodule[0m=[35mpipeline_scraped_to_neo4j[0m
[[32m[1minfo     [0m] [1mStage 3: complete             [0m [[0m[1m[34m__main__[0m][0m [36mmodule[0m=[35mpipeline_scraped_to_neo4j[0m [36moutput[0m=[35m.tmp/graph-queue/finance-news-workflow/gq-20260329180010-fc7935a4.json[0m
[[32m[1minfo     [0m] [1mStage 4: ingest_graph_queue starting[0m [[0m[1m[34m__main__[0m][0m [36minput[0m=[35m.tmp/graph-queue/finance-news-workflow/gq-20260329180010-fc7935a4.json[0m [36mmodule[0m=[35mpipeline_scraped_to_neo4j[0m

ingest_graph_queue 完了
  発見:  1 件
  投入:  0 件
  失敗:  1 件
[[31m[1merror    [0m] [1mStage 4 failed                [0m [[0m[1m[34m__main__[0m][0m [36mmodule[0m=[35mpipeline_scraped_to_neo4j[0m [36mreturncode[0m=[35m1[0m
[[32m[1minfo     [0m] [1mpipeline_scraped_to_neo4j starting[0m [[0m[1m[34m__main__[0m][0m [36mdry_run[0m=[35mFalse[0m [36mmodule[0m=[35mpipeline_scraped_to_neo4j[0m [36mscraped_base[0m=[35m/Volumes/personal_folder/scraped[0m [36msources[0m=[35mall[0m
[[32m[1minfo     [0m] [1mStage 2: dedup_scraped starting[0m [[0m[1m[34m__main__[0m][0m [36mdry_run[0m=[35mFalse[0m [36mmodule[0m=[35mpipeline_scraped_to_neo4j[0m
[[32m[1minfo     [0m] [1mStage 2: complete             [0m [[0m[1m[34m__main__[0m][0m [36mmodule[0m=[35mpipeline_scraped_to_neo4j[0m [36moutput[0m=[35m.tmp/deduped-all-20260330180012-e3df4b74.json[0m
[[32m[1minfo     [0m] [1mStage 3: emit_research_queue starting[0m [[0m[1m[34m__main__[0m][0m [36minput[0m=[35m.tmp/deduped-all-20260330180012-e3df4b74.json[0m [36mmodule[0m=[35mpipeline_scraped_to_neo4j[0m
[[32m[1minfo     [0m] [1mStage 3: complete             [0m [[0m[1m[34m__main__[0m][0m [36mmodule[0m=[35mpipeline_scraped_to_neo4j[0m [36moutput[0m=[35m.tmp/graph-queue/finance-news-workflow/gq-20260330180022-7cbbc432.json[0m
[[32m[1minfo     [0m] [1mStage 4: ingest_graph_queue starting[0m [[0m[1m[34m__main__[0m][0m [36minput[0m=[35m.tmp/graph-queue/finance-news-workflow/gq-20260330180022-7cbbc432.json[0m [36mmodule[0m=[35mpipeline_scraped_to_neo4j[0m

ingest_graph_queue 完了
  発見:  1 件
  投入:  0 件
  失敗:  1 件
[[31m[1merror    [0m] [1mStage 4 failed                [0m [[0m[1m[34m__main__[0m][0m [36mmodule[0m=[35mpipeline_scraped_to_neo4j[0m [36mreturncode[0m=[35m1[0m
[[32m[1minfo     [0m] [1mpipeline_scraped_to_neo4j starting[0m [[0m[1m[34m__main__[0m][0m [36mdry_run[0m=[35mFalse[0m [36mmodule[0m=[35mpipeline_scraped_to_neo4j[0m [36mscraped_base[0m=[35m/Volumes/personal_folder/scraped[0m [36msources[0m=[35mall[0m
[[32m[1minfo     [0m] [1mStage 2: dedup_scraped starting[0m [[0m[1m[34m__main__[0m][0m [36mdry_run[0m=[35mFalse[0m [36mmodule[0m=[35mpipeline_scraped_to_neo4j[0m
[[32m[1minfo     [0m] [1mStage 2: complete             [0m [[0m[1m[34m__main__[0m][0m [36mmodule[0m=[35mpipeline_scraped_to_neo4j[0m [36moutput[0m=[35m.tmp/deduped-all-20260331180012-0990a36c.json[0m
[[32m[1minfo     [0m] [1mStage 3: emit_research_queue starting[0m [[0m[1m[34m__main__[0m][0m [36minput[0m=[35m.tmp/deduped-all-20260331180012-0990a36c.json[0m [36mmodule[0m=[35mpipeline_scraped_to_neo4j[0m
[[32m[1minfo     [0m] [1mStage 3: complete             [0m [[0m[1m[34m__main__[0m][0m [36mmodule[0m=[35mpipeline_scraped_to_neo4j[0m [36moutput[0m=[35m.tmp/graph-queue/finance-news-workflow/gq-20260331180027-34e34b27.json[0m
[[32m[1minfo     [0m] [1mStage 4: ingest_graph_queue starting[0m [[0m[1m[34m__main__[0m][0m [36minput[0m=[35m.tmp/graph-queue/finance-news-workflow/gq-20260331180027-34e34b27.json[0m [36mmodule[0m=[35mpipeline_scraped_to_neo4j[0m

ingest_graph_queue 完了
  発見:  1 件
  投入:  0 件
  失敗:  1 件
[[31m[1merror    [0m] [1mStage 4 failed                [0m [[0m[1m[34m__main__[0m][0m [36mmodule[0m=[35mpipeline_scraped_to_neo4j[0m [36mreturncode[0m=[35m1[0m
