[[32m[1minfo     [0m] [1mFinance news scraper starting [0m [[0m[1m[34m__main__[0m][0m [36minclude_content[0m=[35mTrue[0m [36mmax_articles[0m=[35m50[0m [36mmodule[0m=[35mscrape_finance_news[0m [36msources[0m=[35m['kabutan'][0m
[[32m[1minfo     [0m] [1mStarting news collection      [0m [[0m[1m[34m__main__[0m][0m [36mmodule[0m=[35mscrape_finance_news[0m [36msources[0m=[35m['kabutan'][0m
[[32m[1minfo     [0m] [1mStarting financial news collection (async)[0m [[0m[1m[34mnews_scraper.unified[0m][0m [36minclude_content[0m=[35mTrue[0m [36mmax_articles_per_source[0m=[35m50[0m [36mmodule[0m=[35munified[0m [36msources[0m=[35m['kabutan'][0m
[[32m[1minfo     [0m] [1mStarting kabutan news collection[0m [[0m[1m[34mnews_scraper.kabutan[0m][0m [36mmax_articles[0m=[35m50[0m [36mmodule[0m=[35mkabutan[0m [36murl[0m=[35mhttps://kabutan.jp/news/marketnews/[0m
[[32m[1minfo     [0m] [1mHTTP Request: GET https://kabutan.jp/news/marketnews/ "HTTP/1.1 200 OK"[0m [[0m[1m[34mhttpx[0m][0m
[[32m[1minfo     [0m] [1mHTML fetched (async)          [0m [[0m[1m[34mnews_scraper._html_utils[0m][0m [36mmodule[0m=[35mhtml_utils[0m [36mstatus_code[0m=[35m200[0m [36murl[0m=[35mhttps://kabutan.jp/news/marketnews/[0m
[[32m[1minfo     [0m] [1mKabutan news collection complete[0m [[0m[1m[34mnews_scraper.kabutan[0m][0m [36mmodule[0m=[35mkabutan[0m [36mtotal_articles[0m=[35m15[0m
[[32m[1minfo     [0m] [1mSource collection complete    [0m [[0m[1m[34mnews_scraper.unified[0m][0m [36mmodule[0m=[35munified[0m [36msource[0m=[35mkabutan[0m [36msource_articles[0m=[35m15[0m
[[32m[1minfo     [0m] [1mFetching content for articles missing it[0m [[0m[1m[34mnews_scraper.unified[0m][0m [36mcount[0m=[35m15[0m [36mmodule[0m=[35munified[0m
[[32m[1minfo     [0m] [1mStarting batch extraction     [0m [[0m[1m[34mrss.services.article_extractor[0m][0m [36mmodule[0m=[35marticle_extractor[0m [36mrate_limit[0m=[35m1.0[0m [36murl_count[0m=[35m15[0m
[[32m[1minfo     [0m] [1mStarting article extraction   [0m [[0m[1m[34mrss.services.article_extractor[0m][0m [36mmodule[0m=[35marticle_extractor[0m [36murl[0m=[35m'https://kabutan.jp/news/marketnews/?&b=n202603280195'[0m [36muser_agent[0m=[35m'Mozilla/5.0 (Macintosh; Intel Mac OS X 10_15_7) Ap...'[0m
[[32m[1minfo     [0m] [1mHTTP Request: GET https://kabutan.jp/news/marketnews/?&b=n202603280195 "HTTP/1.1 200 OK"[0m [[0m[1m[34mhttpx[0m][0m
[[32m[1minfo     [0m] [1mFallback extraction successful[0m [[0m[1m[34mrss.services.article_extractor[0m][0m [36mmodule[0m=[35marticle_extractor[0m [36mtext_length[0m=[35m2981[0m [36mtitle[0m=[35m'来週の【重要イベント】日銀短観、米小売売上高、米雇用統計 (3月30日～4月5日) | 市況 - 株探ニュース'[0m [36murl[0m=[35m'https://kabutan.jp/news/marketnews/?&b=n202603280195'[0m
[[32m[1minfo     [0m] [1mStarting article extraction   [0m [[0m[1m[34mrss.services.article_extractor[0m][0m [36mmodule[0m=[35marticle_extractor[0m [36murl[0m=[35m'https://kabutan.jp/news/marketnews/?&b=n202603280194'[0m [36muser_agent[0m=[35m'Mozilla/5.0 (Macintosh; Intel Mac OS X 10_15_7) Ap...'[0m
[[32m[1minfo     [0m] [1mHTTP Request: GET https://kabutan.jp/news/marketnews/?&b=n202603280194 "HTTP/1.1 200 OK"[0m [[0m[1m[34mhttpx[0m][0m
[[32m[1minfo     [0m] [1mFallback extraction successful[0m [[0m[1m[34mrss.services.article_extractor[0m][0m [36mmodule[0m=[35marticle_extractor[0m [36mtext_length[0m=[35m1689[0m [36mtitle[0m=[35m'反騰期待【マイナスカイリ】低PER 銘柄リスト30社選出\u3000＜テクニカル特集＞ 3月27日版 | 特集 - 株探ニュース'[0m [36murl[0m=[35m'https://kabutan.jp/news/marketnews/?&b=n202603280194'[0m
[[32m[1minfo     [0m] [1mStarting article extraction   [0m [[0m[1m[34mrss.services.article_extractor[0m][0m [36mmodule[0m=[35marticle_extractor[0m [36murl[0m=[35m'https://kabutan.jp/news/marketnews/?&b=n202603280193'[0m [36muser_agent[0m=[35m'Mozilla/5.0 (Macintosh; Intel Mac OS X 10_15_7) Ap...'[0m
[[32m[1minfo     [0m] [1mHTTP Request: GET https://kabutan.jp/news/marketnews/?&b=n202603280193 "HTTP/1.1 200 OK"[0m [[0m[1m[34mhttpx[0m][0m
[[32m[1minfo     [0m] [1mFallback extraction successful[0m [[0m[1m[34mrss.services.article_extractor[0m][0m [36mmodule[0m=[35marticle_extractor[0m [36mtext_length[0m=[35m1327[0m [36mtitle[0m=[35m'ESG最前線レポート─「ESGは空気にも投資する？」 | 市況 - 株探ニュース'[0m [36murl[0m=[35m'https://kabutan.jp/news/marketnews/?&b=n202603280193'[0m
[[32m[1minfo     [0m] [1mStarting article extraction   [0m [[0m[1m[34mrss.services.article_extractor[0m][0m [36mmodule[0m=[35marticle_extractor[0m [36murl[0m=[35m'https://kabutan.jp/news/marketnews/?&b=n202603280183'[0m [36muser_agent[0m=[35m'Mozilla/5.0 (Macintosh; Intel Mac OS X 10_15_7) Ap...'[0m
[[32m[1minfo     [0m] [1mHTTP Request: GET https://kabutan.jp/news/marketnews/?&b=n202603280183 "HTTP/1.1 200 OK"[0m [[0m[1m[34mhttpx[0m][0m
[[32m[1minfo     [0m] [1mFallback extraction successful[0m [[0m[1m[34mrss.services.article_extractor[0m][0m [36mmodule[0m=[35marticle_extractor[0m [36mtext_length[0m=[35m394[0m [36mtitle[0m=[35m'来週の【新規公開(IPO)銘柄】 ビタブリッド | 市況 - 株探ニュース'[0m [36murl[0m=[35m'https://kabutan.jp/news/marketnews/?&b=n202603280183'[0m
[[32m[1minfo     [0m] [1mStarting article extraction   [0m [[0m[1m[34mrss.services.article_extractor[0m][0m [36mmodule[0m=[35marticle_extractor[0m [36murl[0m=[35m'https://kabutan.jp/news/marketnews/?&b=n202603280182'[0m [36muser_agent[0m=[35m'Mozilla/5.0 (Macintosh; Intel Mac OS X 10_15_7) Ap...'[0m
[[32m[1minfo     [0m] [1mHTTP Request: GET https://kabutan.jp/news/marketnews/?&b=n202603280182 "HTTP/1.1 200 OK"[0m [[0m[1m[34mhttpx[0m][0m
[[32m[1minfo     [0m] [1mFallback extraction successful[0m [[0m[1m[34mrss.services.article_extractor[0m][0m [36mmodule[0m=[35marticle_extractor[0m [36mtext_length[0m=[35m2735[0m [36mtitle[0m=[35m'今週の【決算】見どころ\u3000全チェック！\u3000＜決算特集＞ | 注目株 - 株探ニュース'[0m [36murl[0m=[35m'https://kabutan.jp/news/marketnews/?&b=n202603280182'[0m
[[32m[1minfo     [0m] [1mStarting article extraction   [0m [[0m[1m[34mrss.services.article_extractor[0m][0m [36mmodule[0m=[35marticle_extractor[0m [36murl[0m=[35m'https://kabutan.jp/news/marketnews/?&b=n202603280175'[0m [36muser_agent[0m=[35m'Mozilla/5.0 (Macintosh; Intel Mac OS X 10_15_7) Ap...'[0m
[[32m[1minfo     [0m] [1mHTTP Request: GET https://kabutan.jp/news/marketnews/?&b=n202603280175 "HTTP/1.1 200 OK"[0m [[0m[1m[34mhttpx[0m][0m
[[32m[1minfo     [0m] [1mFallback extraction successful[0m [[0m[1m[34mrss.services.article_extractor[0m][0m [36mmodule[0m=[35marticle_extractor[0m [36mtext_length[0m=[35m1952[0m [36mtitle[0m=[35m'個人投資家・有限亭玉介：《最終回!?》個人投資家達の皆様へ感謝を込めた厳選注目株【FISCOソーシャるレポーター】 | 特集 - 株探ニュース'[0m [36murl[0m=[35m'https://kabutan.jp/news/marketnews/?&b=n202603280175'[0m
[[32m[1minfo     [0m] [1mStarting article extraction   [0m [[0m[1m[34mrss.services.article_extractor[0m][0m [36mmodule[0m=[35marticle_extractor[0m [36murl[0m=[35m'https://kabutan.jp/news/marketnews/?&b=n202603280174'[0m [36muser_agent[0m=[35m'Mozilla/5.0 (Macintosh; Intel Mac OS X 10_15_7) Ap...'[0m
[[32m[1minfo     [0m] [1mHTTP Request: GET https://kabutan.jp/news/marketnews/?&b=n202603280174 "HTTP/1.1 200 OK"[0m [[0m[1m[34mhttpx[0m][0m
[[32m[1minfo     [0m] [1mFallback extraction successful[0m [[0m[1m[34mrss.services.article_extractor[0m][0m [36mmodule[0m=[35marticle_extractor[0m [36mtext_length[0m=[35m1077[0m [36mtitle[0m=[35m'富田隆弥の【CHART CLUB】\u3000行方が見えぬ停戦協議、NYダウの52週線を注視 | 市況 - 株探ニュース'[0m [36murl[0m=[35m'https://kabutan.jp/news/marketnews/?&b=n202603280174'[0m
[[32m[1minfo     [0m] [1mStarting article extraction   [0m [[0m[1m[34mrss.services.article_extractor[0m][0m [36mmodule[0m=[35marticle_extractor[0m [36murl[0m=[35m'https://kabutan.jp/news/marketnews/?&b=n202603280173'[0m [36muser_agent[0m=[35m'Mozilla/5.0 (Macintosh; Intel Mac OS X 10_15_7) Ap...'[0m
[[32m[1minfo     [0m] [1mHTTP Request: GET https://kabutan.jp/news/marketnews/?&b=n202603280173 "HTTP/1.1 200 OK"[0m [[0m[1m[34mhttpx[0m][0m
[[32m[1minfo     [0m] [1mFallback extraction successful[0m [[0m[1m[34mrss.services.article_extractor[0m][0m [36mmodule[0m=[35marticle_extractor[0m [36mtext_length[0m=[35m272[0m [36mtitle[0m=[35m'NY原油：堅調推移、時間外取引で101.24ドル | 市況 - 株探ニュース'[0m [36murl[0m=[35m'https://kabutan.jp/news/marketnews/?&b=n202603280173'[0m
[[32m[1minfo     [0m] [1mStarting article extraction   [0m [[0m[1m[34mrss.services.article_extractor[0m][0m [36mmodule[0m=[35marticle_extractor[0m [36murl[0m=[35m'https://kabutan.jp/news/marketnews/?&b=n202603280172'[0m [36muser_agent[0m=[35m'Mozilla/5.0 (Macintosh; Intel Mac OS X 10_15_7) Ap...'[0m
[[32m[1minfo     [0m] [1mHTTP Request: GET https://kabutan.jp/news/marketnews/?&b=n202603280172 "HTTP/1.1 200 OK"[0m [[0m[1m[34mhttpx[0m][0m
[[32m[1minfo     [0m] [1mFallback extraction successful[0m [[0m[1m[34mrss.services.article_extractor[0m][0m [36mmodule[0m=[35marticle_extractor[0m [36mtext_length[0m=[35m289[0m [36mtitle[0m=[35m'NY金：反発、中長期的な値上がりを期待した買いが入る | 市況 - 株探ニュース'[0m [36murl[0m=[35m'https://kabutan.jp/news/marketnews/?&b=n202603280172'[0m
[[32m[1minfo     [0m] [1mStarting article extraction   [0m [[0m[1m[34mrss.services.article_extractor[0m][0m [36mmodule[0m=[35marticle_extractor[0m [36murl[0m=[35m'https://kabutan.jp/news/marketnews/?&b=n202603280171'[0m [36muser_agent[0m=[35m'Mozilla/5.0 (Macintosh; Intel Mac OS X 10_15_7) Ap...'[0m
[[32m[1minfo     [0m] [1mHTTP Request: GET https://kabutan.jp/news/marketnews/?&b=n202603280171 "HTTP/1.1 200 OK"[0m [[0m[1m[34mhttpx[0m][0m
[[32m[1minfo     [0m] [1mFallback extraction successful[0m [[0m[1m[34mrss.services.article_extractor[0m][0m [36mmodule[0m=[35marticle_extractor[0m [36mtext_length[0m=[35m299[0m [36mtitle[0m=[35m'今週の【市場変更】銘柄 (3月23日～27日 発表分) | 注目株 - 株探ニュース'[0m [36murl[0m=[35m'https://kabutan.jp/news/marketnews/?&b=n202603280171'[0m
[[32m[1minfo     [0m] [1mStarting article extraction   [0m [[0m[1m[34mrss.services.article_extractor[0m][0m [36mmodule[0m=[35marticle_extractor[0m [36murl[0m=[35m'https://kabutan.jp/news/marketnews/?&b=n202603280170'[0m [36muser_agent[0m=[35m'Mozilla/5.0 (Macintosh; Intel Mac OS X 10_15_7) Ap...'[0m
[[32m[1minfo     [0m] [1mHTTP Request: GET https://kabutan.jp/news/marketnews/?&b=n202603280170 "HTTP/1.1 200 OK"[0m [[0m[1m[34mhttpx[0m][0m
[[32m[1minfo     [0m] [1mFallback extraction successful[0m [[0m[1m[34mrss.services.article_extractor[0m][0m [36mmodule[0m=[35marticle_extractor[0m [36mtext_length[0m=[35m698[0m [36mtitle[0m=[35m'今週の【増資・売り出し】銘柄 (3月23日～27日 発表分) | 注目株 - 株探ニュース'[0m [36murl[0m=[35m'https://kabutan.jp/news/marketnews/?&b=n202603280170'[0m
[[32m[1minfo     [0m] [1mStarting article extraction   [0m [[0m[1m[34mrss.services.article_extractor[0m][0m [36mmodule[0m=[35marticle_extractor[0m [36murl[0m=[35m'https://kabutan.jp/news/marketnews/?&b=n202603280168'[0m [36muser_agent[0m=[35m'Mozilla/5.0 (Macintosh; Intel Mac OS X 10_15_7) Ap...'[0m
[[32m[1minfo     [0m] [1mHTTP Request: GET https://kabutan.jp/news/marketnews/?&b=n202603280168 "HTTP/1.1 200 OK"[0m [[0m[1m[34mhttpx[0m][0m
[[32m[1minfo     [0m] [1mFallback extraction successful[0m [[0m[1m[34mrss.services.article_extractor[0m][0m [36mmodule[0m=[35marticle_extractor[0m [36mtext_length[0m=[35m263[0m [36mtitle[0m=[35m'今週の【信用規制・解除】銘柄 (3月23日～27日 発表分) | 注目株 - 株探ニュース'[0m [36murl[0m=[35m'https://kabutan.jp/news/marketnews/?&b=n202603280168'[0m
[[32m[1minfo     [0m] [1mStarting article extraction   [0m [[0m[1m[34mrss.services.article_extractor[0m][0m [36mmodule[0m=[35marticle_extractor[0m [36murl[0m=[35m'https://kabutan.jp/news/marketnews/?&b=n202603280167'[0m [36muser_agent[0m=[35m'Mozilla/5.0 (Macintosh; Intel Mac OS X 10_15_7) Ap...'[0m
[[32m[1minfo     [0m] [1mHTTP Request: GET https://kabutan.jp/news/marketnews/?&b=n202603280167 "HTTP/1.1 200 OK"[0m [[0m[1m[34mhttpx[0m][0m
[[32m[1minfo     [0m] [1mFallback extraction successful[0m [[0m[1m[34mrss.services.article_extractor[0m][0m [36mmodule[0m=[35marticle_extractor[0m [36mtext_length[0m=[35m1496[0m [36mtitle[0m=[35m'今週の【上場来高値銘柄】ＩＮＰＥＸ、名古屋銀、東京海上など30銘柄 | 特集 - 株探ニュース'[0m [36murl[0m=[35m'https://kabutan.jp/news/marketnews/?&b=n202603280167'[0m
[[32m[1minfo     [0m] [1mStarting article extraction   [0m [[0m[1m[34mrss.services.article_extractor[0m][0m [36mmodule[0m=[35marticle_extractor[0m [36murl[0m=[35m'https://kabutan.jp/news/marketnews/?&b=n202603280163'[0m [36muser_agent[0m=[35m'Mozilla/5.0 (Macintosh; Intel Mac OS X 10_15_7) Ap...'[0m
[[32m[1minfo     [0m] [1mHTTP Request: GET https://kabutan.jp/news/marketnews/?&b=n202603280163 "HTTP/1.1 200 OK"[0m [[0m[1m[34mhttpx[0m][0m
[[32m[1minfo     [0m] [1mFallback extraction successful[0m [[0m[1m[34mrss.services.article_extractor[0m][0m [36mmodule[0m=[35marticle_extractor[0m [36mtext_length[0m=[35m2350[0m [36mtitle[0m=[35m'今週の【話題株ダイジェスト】 ステラファ、地盤ＨＤ、売れるＧ (3月23日～27日) | 注目株 - 株探ニュース'[0m [36murl[0m=[35m'https://kabutan.jp/news/marketnews/?&b=n202603280163'[0m
[[32m[1minfo     [0m] [1mStarting article extraction   [0m [[0m[1m[34mrss.services.article_extractor[0m][0m [36mmodule[0m=[35marticle_extractor[0m [36murl[0m=[35m'https://kabutan.jp/news/marketnews/?&b=n202603280155'[0m [36muser_agent[0m=[35m'Mozilla/5.0 (Macintosh; Intel Mac OS X 10_15_7) Ap...'[0m
[[32m[1minfo     [0m] [1mHTTP Request: GET https://kabutan.jp/news/marketnews/?&b=n202603280155 "HTTP/1.1 200 OK"[0m [[0m[1m[34mhttpx[0m][0m
[[32m[1minfo     [0m] [1mFallback extraction successful[0m [[0m[1m[34mrss.services.article_extractor[0m][0m [36mmodule[0m=[35marticle_extractor[0m [36mtext_length[0m=[35m1584[0m [36mtitle[0m=[35m'レーティング週報【最上位を継続＋目標株価を増額】(2)\u3000(3月23日－27日) | 特集 - 株探ニュース'[0m [36murl[0m=[35m'https://kabutan.jp/news/marketnews/?&b=n202603280155'[0m
[[32m[1minfo     [0m] [1mBatch extraction completed    [0m [[0m[1m[34mrss.services.article_extractor[0m][0m [36mfailed[0m=[35m0[0m [36mmodule[0m=[35marticle_extractor[0m [36msuccess[0m=[35m15[0m [36mtotal[0m=[35m15[0m
[[32m[1minfo     [0m] [1mContent post-fetch complete   [0m [[0m[1m[34mnews_scraper.unified[0m][0m [36mfetched[0m=[35m15[0m [36mmodule[0m=[35munified[0m [36mtotal[0m=[35m15[0m
[[32m[1minfo     [0m] [1mFinancial news collection complete[0m [[0m[1m[34mnews_scraper.unified[0m][0m [36melapsed_seconds[0m=[35m17.76[0m [36mmodule[0m=[35munified[0m [36msources[0m=[35m['kabutan'][0m [36mtotal_articles[0m=[35m15[0m
[[32m[1minfo     [0m] [1mRawStore: saved=3, dup=12, empty=0[0m [[0m[1m[34mnews_scraper.unified[0m][0m [36mmodule[0m=[35munified[0m
[[32m[1minfo     [0m] [1mCollection complete           [0m [[0m[1m[34m__main__[0m][0m [36marticle_count[0m=[35m15[0m [36mmodule[0m=[35mscrape_finance_news[0m
[[32m[1minfo     [0m] [1mNAS is mounted, using NAS output[0m [[0m[1m[34m__main__[0m][0m [36mmodule[0m=[35mscrape_finance_news[0m [36mpath[0m=[35m/Volumes/personal_folder/scraped/kabutan[0m [36msource[0m=[35mkabutan[0m
[[32m[1minfo     [0m] [1mOutput directory ready        [0m [[0m[1m[34m__main__[0m][0m [36mmodule[0m=[35mscrape_finance_news[0m [36mpath[0m=[35m/Volumes/personal_folder/scraped/kabutan/2026-03-28[0m
[[32m[1minfo     [0m] [1mArticles saved to JSON        [0m [[0m[1m[34m__main__[0m][0m [36mmodule[0m=[35mscrape_finance_news[0m [36mpath[0m=[35m/Volumes/personal_folder/scraped/kabutan/2026-03-28/news_030006.json[0m [36mtotal_count[0m=[35m15[0m
[[32m[1minfo     [0m] [1mSave complete                 [0m [[0m[1m[34m__main__[0m][0m [36mcount[0m=[35m15[0m [36mmodule[0m=[35mscrape_finance_news[0m [36moutput_file[0m=[35m/Volumes/personal_folder/scraped/kabutan/2026-03-28/news_030006.json[0m [36msource[0m=[35mkabutan[0m
[[32m[1minfo     [0m] [1mClassification layer applied: 3 nodes, 45 rels[0m [[0m[1m[34memit_research_queue[0m][0m
[[32m[1minfo     [0m] [1mQueue file written: /Volumes/personal_folder/graph-queue/finance-news-workflow/gq-20260328030024-659af996.json[0m [[0m[1m[34memit_research_queue[0m][0m
[[32m[1minfo     [0m] [1mIngesting 15 Source nodes     [0m [[0m[1m[34mdata_pipeline.neo4j_loader[0m][0m
[[32m[1minfo     [0m] [1mIngestion complete: 18 nodes, 45 relations[0m [[0m[1m[34mdata_pipeline.neo4j_loader[0m][0m
[[32m[1minfo     [0m] [1mNeo4j ingestion complete      [0m [[0m[1m[34m__main__[0m][0m [36mmodule[0m=[35mscrape_finance_news[0m [36mnodes[0m=[35m18[0m [36mqueue_file[0m=[35m/Volumes/personal_folder/graph-queue/finance-news-workflow/gq-20260328030024-659af996.json[0m [36mrelations[0m=[35m45[0m [36msource[0m=[35mkabutan[0m
[[32m[1minfo     [0m] [1mScraper finished successfully [0m [[0m[1m[34m__main__[0m][0m [36mmodule[0m=[35mscrape_finance_news[0m [36msaved_files[0m=[35m['/Volumes/personal_folder/scraped/kabutan/2026-03-28/news_030006.json'][0m [36mtotal_articles[0m=[35m15[0m
