[[32m[1minfo     [0m] [1mJETRO news scraper starting   [0m [[0m[1m[34m__main__[0m][0m [36mcategories[0m=[35mNone[0m [36minclude_content[0m=[35mFalse[0m [36mmax_articles[0m=[35m100[0m [36mmodule[0m=[35mscrape_jetro[0m [36mno_playwright[0m=[35mTrue[0m [36mregions[0m=[35mNone[0m [36mrequest_delay[0m=[35m2.0[0m
[[32m[1minfo     [0m] [1mNAS is mounted, using NAS output[0m [[0m[1m[34m__main__[0m][0m [36mmodule[0m=[35mscrape_jetro[0m [36mpath[0m=[35m/Volumes/personal_folder/scraped/jetro[0m
[[32m[1minfo     [0m] [1mStarting JETRO news collection[0m [[0m[1m[34m__main__[0m][0m [36mcategories[0m=[35mNone[0m [36mmodule[0m=[35mscrape_jetro[0m [36mregions[0m=[35mNone[0m
[[32m[1minfo     [0m] [1mStarting JETRO news collection[0m [[0m[1m[34mnews_scraper.jetro[0m][0m [36mcategories[0m=[35mNone[0m [36minclude_content[0m=[35mFalse[0m [36mmax_articles_per_source[0m=[35m100[0m [36mmodule[0m=[35mjetro[0m
[[32m[1minfo     [0m] [1mJETRO RSS feed fetched        [0m [[0m[1m[34mnews_scraper.jetro[0m][0m [36mentry_count[0m=[35m40[0m [36mmodule[0m=[35mjetro[0m
[[32m[1minfo     [0m] [1mJETRO RSS feed fetched        [0m [[0m[1m[34mnews_scraper.jetro[0m][0m [36mentry_count[0m=[35m30[0m [36mmodule[0m=[35mjetro[0m
[[32m[1minfo     [0m] [1mJETRO RSS feed fetched        [0m [[0m[1m[34mnews_scraper.jetro[0m][0m [36mentry_count[0m=[35m30[0m [36mmodule[0m=[35mjetro[0m
[[32m[1minfo     [0m] [1mRSS phase complete            [0m [[0m[1m[34mnews_scraper.jetro[0m][0m [36mfeed_count[0m=[35m3[0m [36mmodule[0m=[35mjetro[0m [36mrss_articles[0m=[35m100[0m
[[32m[1minfo     [0m] [1mJETRO news collection complete[0m [[0m[1m[34mnews_scraper.jetro[0m][0m [36marchive_crawl[0m=[35mFalse[0m [36mcategory_crawl[0m=[35mFalse[0m [36mmodule[0m=[35mjetro[0m [36mrss_count[0m=[35m100[0m [36mtotal_articles[0m=[35m100[0m
[[32m[1minfo     [0m] [1mCollection complete           [0m [[0m[1m[34m__main__[0m][0m [36marticle_count[0m=[35m100[0m [36mmodule[0m=[35mscrape_jetro[0m
[[32m[1minfo     [0m] [1mOutput directory ready        [0m [[0m[1m[34m__main__[0m][0m [36mmodule[0m=[35mscrape_jetro[0m [36mpath[0m=[35m/Volumes/personal_folder/scraped/jetro/2026-03-26[0m
[[32m[1minfo     [0m] [1mArticles saved to JSON        [0m [[0m[1m[34m__main__[0m][0m [36mmodule[0m=[35mscrape_jetro[0m [36mpath[0m=[35m/Volumes/personal_folder/scraped/jetro/2026-03-26/news_213630.json[0m [36mtotal_count[0m=[35m100[0m
[[32m[1minfo     [0m] [1mSave complete                 [0m [[0m[1m[34m__main__[0m][0m [36mmodule[0m=[35mscrape_jetro[0m [36moutput_file[0m=[35m/Volumes/personal_folder/scraped/jetro/2026-03-26/news_213630.json[0m
[[32m[1minfo     [0m] [1mRunning cleanup               [0m [[0m[1m[34m__main__[0m][0m [36mmax_age_days[0m=[35m30[0m [36mmodule[0m=[35mscrape_jetro[0m
[[32m[1minfo     [0m] [1mCleanup complete              [0m [[0m[1m[34m__main__[0m][0m [36mdeleted_directories[0m=[35m0[0m [36mmax_age_days[0m=[35m30[0m [36mmodule[0m=[35mscrape_jetro[0m
[[32m[1minfo     [0m] [1mCleanup finished              [0m [[0m[1m[34m__main__[0m][0m [36mdeleted_directories[0m=[35m0[0m [36mmodule[0m=[35mscrape_jetro[0m
[[32m[1minfo     [0m] [1mJETRO scraper finished successfully[0m [[0m[1m[34m__main__[0m][0m [36mmodule[0m=[35mscrape_jetro[0m [36moutput_file[0m=[35m/Volumes/personal_folder/scraped/jetro/2026-03-26/news_213630.json[0m [36mtotal_articles[0m=[35m100[0m
[[32m[1minfo     [0m] [1mJETRO news scraper starting   [0m [[0m[1m[34m__main__[0m][0m [36mcategories[0m=[35mNone[0m [36minclude_content[0m=[35mFalse[0m [36mmax_articles[0m=[35m100[0m [36mmodule[0m=[35mscrape_jetro[0m [36mno_playwright[0m=[35mTrue[0m [36mregions[0m=[35mNone[0m [36mrequest_delay[0m=[35m2.0[0m
[[32m[1minfo     [0m] [1mNAS is mounted, using NAS output[0m [[0m[1m[34m__main__[0m][0m [36mmodule[0m=[35mscrape_jetro[0m [36mpath[0m=[35m/Volumes/personal_folder/scraped/jetro[0m
[[32m[1minfo     [0m] [1mStarting JETRO news collection[0m [[0m[1m[34m__main__[0m][0m [36mcategories[0m=[35mNone[0m [36mmodule[0m=[35mscrape_jetro[0m [36mregions[0m=[35mNone[0m
[[32m[1minfo     [0m] [1mStarting JETRO news collection[0m [[0m[1m[34mnews_scraper.jetro[0m][0m [36mcategories[0m=[35mNone[0m [36minclude_content[0m=[35mFalse[0m [36mmax_articles_per_source[0m=[35m100[0m [36mmodule[0m=[35mjetro[0m
[[32m[1minfo     [0m] [1mJETRO RSS feed fetched        [0m [[0m[1m[34mnews_scraper.jetro[0m][0m [36mentry_count[0m=[35m40[0m [36mmodule[0m=[35mjetro[0m
[[32m[1minfo     [0m] [1mJETRO RSS feed fetched        [0m [[0m[1m[34mnews_scraper.jetro[0m][0m [36mentry_count[0m=[35m30[0m [36mmodule[0m=[35mjetro[0m
[[32m[1minfo     [0m] [1mJETRO RSS feed fetched        [0m [[0m[1m[34mnews_scraper.jetro[0m][0m [36mentry_count[0m=[35m30[0m [36mmodule[0m=[35mjetro[0m
[[32m[1minfo     [0m] [1mRSS phase complete            [0m [[0m[1m[34mnews_scraper.jetro[0m][0m [36mfeed_count[0m=[35m3[0m [36mmodule[0m=[35mjetro[0m [36mrss_articles[0m=[35m100[0m
[[32m[1minfo     [0m] [1mJETRO news collection complete[0m [[0m[1m[34mnews_scraper.jetro[0m][0m [36marchive_crawl[0m=[35mFalse[0m [36mcategory_crawl[0m=[35mFalse[0m [36mmodule[0m=[35mjetro[0m [36mrss_count[0m=[35m100[0m [36mtotal_articles[0m=[35m100[0m
[[32m[1minfo     [0m] [1mCollection complete           [0m [[0m[1m[34m__main__[0m][0m [36marticle_count[0m=[35m100[0m [36mmodule[0m=[35mscrape_jetro[0m
[[32m[1minfo     [0m] [1mOutput directory ready        [0m [[0m[1m[34m__main__[0m][0m [36mmodule[0m=[35mscrape_jetro[0m [36mpath[0m=[35m/Volumes/personal_folder/scraped/jetro/2026-03-27[0m
[[32m[1minfo     [0m] [1mArticles saved to JSON        [0m [[0m[1m[34m__main__[0m][0m [36mmodule[0m=[35mscrape_jetro[0m [36mpath[0m=[35m/Volumes/personal_folder/scraped/jetro/2026-03-27/news_120005.json[0m [36mtotal_count[0m=[35m100[0m
[[32m[1minfo     [0m] [1mSave complete                 [0m [[0m[1m[34m__main__[0m][0m [36mmodule[0m=[35mscrape_jetro[0m [36moutput_file[0m=[35m/Volumes/personal_folder/scraped/jetro/2026-03-27/news_120005.json[0m
[[32m[1minfo     [0m] [1mRunning cleanup               [0m [[0m[1m[34m__main__[0m][0m [36mmax_age_days[0m=[35m30[0m [36mmodule[0m=[35mscrape_jetro[0m
[[32m[1minfo     [0m] [1mCleanup complete              [0m [[0m[1m[34m__main__[0m][0m [36mdeleted_directories[0m=[35m0[0m [36mmax_age_days[0m=[35m30[0m [36mmodule[0m=[35mscrape_jetro[0m
[[32m[1minfo     [0m] [1mCleanup finished              [0m [[0m[1m[34m__main__[0m][0m [36mdeleted_directories[0m=[35m0[0m [36mmodule[0m=[35mscrape_jetro[0m
[[32m[1minfo     [0m] [1mJETRO scraper finished successfully[0m [[0m[1m[34m__main__[0m][0m [36mmodule[0m=[35mscrape_jetro[0m [36moutput_file[0m=[35m/Volumes/personal_folder/scraped/jetro/2026-03-27/news_120005.json[0m [36mtotal_articles[0m=[35m100[0m
[[32m[1minfo     [0m] [1mJETRO news scraper starting   [0m [[0m[1m[34m__main__[0m][0m [36mcategories[0m=[35mNone[0m [36minclude_content[0m=[35mFalse[0m [36mmax_articles[0m=[35m100[0m [36mmodule[0m=[35mscrape_jetro[0m [36mno_playwright[0m=[35mTrue[0m [36mregions[0m=[35mNone[0m [36mrequest_delay[0m=[35m2.0[0m
[[32m[1minfo     [0m] [1mNAS is mounted, using NAS output[0m [[0m[1m[34m__main__[0m][0m [36mmodule[0m=[35mscrape_jetro[0m [36mpath[0m=[35m/Volumes/personal_folder/scraped/jetro[0m
[[32m[1minfo     [0m] [1mStarting JETRO news collection[0m [[0m[1m[34m__main__[0m][0m [36mcategories[0m=[35mNone[0m [36mmodule[0m=[35mscrape_jetro[0m [36mregions[0m=[35mNone[0m
[[32m[1minfo     [0m] [1mStarting JETRO news collection[0m [[0m[1m[34mnews_scraper.jetro[0m][0m [36mcategories[0m=[35mNone[0m [36minclude_content[0m=[35mFalse[0m [36mmax_articles_per_source[0m=[35m100[0m [36mmodule[0m=[35mjetro[0m
[[32m[1minfo     [0m] [1mJETRO RSS feed fetched        [0m [[0m[1m[34mnews_scraper.jetro[0m][0m [36mentry_count[0m=[35m40[0m [36mmodule[0m=[35mjetro[0m
[[32m[1minfo     [0m] [1mJETRO RSS feed fetched        [0m [[0m[1m[34mnews_scraper.jetro[0m][0m [36mentry_count[0m=[35m30[0m [36mmodule[0m=[35mjetro[0m
[[32m[1minfo     [0m] [1mJETRO RSS feed fetched        [0m [[0m[1m[34mnews_scraper.jetro[0m][0m [36mentry_count[0m=[35m30[0m [36mmodule[0m=[35mjetro[0m
[[32m[1minfo     [0m] [1mRSS phase complete            [0m [[0m[1m[34mnews_scraper.jetro[0m][0m [36mfeed_count[0m=[35m3[0m [36mmodule[0m=[35mjetro[0m [36mrss_articles[0m=[35m100[0m
[[32m[1minfo     [0m] [1mJETRO news collection complete[0m [[0m[1m[34mnews_scraper.jetro[0m][0m [36marchive_crawl[0m=[35mFalse[0m [36mcategory_crawl[0m=[35mFalse[0m [36mmodule[0m=[35mjetro[0m [36mrss_count[0m=[35m100[0m [36mtotal_articles[0m=[35m100[0m
[[32m[1minfo     [0m] [1mCollection complete           [0m [[0m[1m[34m__main__[0m][0m [36marticle_count[0m=[35m100[0m [36mmodule[0m=[35mscrape_jetro[0m
[[32m[1minfo     [0m] [1mOutput directory ready        [0m [[0m[1m[34m__main__[0m][0m [36mmodule[0m=[35mscrape_jetro[0m [36mpath[0m=[35m/Volumes/personal_folder/scraped/jetro/2026-03-27[0m
[[32m[1minfo     [0m] [1mArticles saved to JSON        [0m [[0m[1m[34m__main__[0m][0m [36mmodule[0m=[35mscrape_jetro[0m [36mpath[0m=[35m/Volumes/personal_folder/scraped/jetro/2026-03-27/news_180006.json[0m [36mtotal_count[0m=[35m100[0m
[[32m[1minfo     [0m] [1mSave complete                 [0m [[0m[1m[34m__main__[0m][0m [36mmodule[0m=[35mscrape_jetro[0m [36moutput_file[0m=[35m/Volumes/personal_folder/scraped/jetro/2026-03-27/news_180006.json[0m
[[32m[1minfo     [0m] [1mRunning cleanup               [0m [[0m[1m[34m__main__[0m][0m [36mmax_age_days[0m=[35m30[0m [36mmodule[0m=[35mscrape_jetro[0m
[[32m[1minfo     [0m] [1mCleanup complete              [0m [[0m[1m[34m__main__[0m][0m [36mdeleted_directories[0m=[35m0[0m [36mmax_age_days[0m=[35m30[0m [36mmodule[0m=[35mscrape_jetro[0m
[[32m[1minfo     [0m] [1mCleanup finished              [0m [[0m[1m[34m__main__[0m][0m [36mdeleted_directories[0m=[35m0[0m [36mmodule[0m=[35mscrape_jetro[0m
[[32m[1minfo     [0m] [1mJETRO scraper finished successfully[0m [[0m[1m[34m__main__[0m][0m [36mmodule[0m=[35mscrape_jetro[0m [36moutput_file[0m=[35m/Volumes/personal_folder/scraped/jetro/2026-03-27/news_180006.json[0m [36mtotal_articles[0m=[35m100[0m
